---
source: tests/parse-json-docs/main.rs
expression: local_items
---
[
    (
        "0:0:1820",
        [
            "integration                                        0:0:1820             [Module: (integration)]",
        ],
    ),
    (
        "0:10:1789",
        [
            "integration::submod1                               0:10:1789            [Module: (submod1)]",
        ],
    ),
    (
        "0:11:1790",
        [
            "integration::submod1::submod2                      0:11:1790            [Module: (submod2)]",
        ],
    ),
    (
        "0:12-0:3:1786",
        [
            "integration::AUnitStruct                           0:3:1786             [Struct]",
        ],
    ),
    (
        "0:13-0:3:1786",
        [
            "integration::AUnitStruct                           0:3:1786             [Struct]",
        ],
    ),
    (
        "0:14:1792",
        [
            "integration::submod1::submod2::ATraitNeverImplementedForTypes 0:14:1792            [Trait: (ATraitNeverImplementedForTypes)]",
        ],
    ),
    (
        "0:15",
        [],
    ),
    (
        "0:16:1796",
        [],
    ),
    (
        "0:17:1799",
        [
            "integration::FieldsNamedStruct                     0:17:1799            [Struct: (FieldsNamedStruct)]",
        ],
    ),
    (
        "0:18:1800",
        [],
    ),
    (
        "0:19:1801",
        [],
    ),
    (
        "0:20:1802",
        [],
    ),
    (
        "0:22",
        [],
    ),
    (
        "0:23:1048",
        [],
    ),
    (
        "0:24:1804",
        [],
    ),
    (
        "0:25:1805",
        [],
    ),
    (
        "0:26:1806",
        [],
    ),
    (
        "0:27:1807",
        [],
    ),
    (
        "0:28",
        [],
    ),
    (
        "0:29:60",
        [],
    ),
    (
        "0:30:1809",
        [
            "integration::func_with_no_args                     0:30:1809            [Function: (func_with_no_args)]",
        ],
    ),
    (
        "0:31:1810",
        [
            "integration::func_with_1arg                        0:31:1810            [Function: (func_with_1arg)]",
        ],
    ),
    (
        "0:32:1811",
        [
            "integration::func_with_1arg_and_ret                0:32:1811            [Function: (func_with_1arg_and_ret)]",
        ],
    ),
    (
        "0:33:1812",
        [
            "integration::func_dyn_trait                        0:33:1812            [Function: (func_dyn_trait)]",
        ],
    ),
    (
        "0:34:1813",
        [
            "integration::func_dyn_trait2                       0:34:1813            [Function: (func_dyn_trait2)]",
        ],
    ),
    (
        "0:35:1815",
        [
            "integration::func_primitive                        0:35:1815            [Function: (func_primitive)]",
        ],
    ),
    (
        "0:36:1816",
        [
            "integration::ACONSTANT                             0:36:1816            [Constant: (ACONSTANT)]",
        ],
    ),
    (
        "0:37:1818",
        [
            "integration::ASTATIC                               0:37:1818            [Constant: (ASTATIC)]",
        ],
    ),
    (
        "0:38:1819",
        [
            "integration::a_decl_macro                          0:38:1819            [Macro: (a_decl_macro)]",
        ],
    ),
    (
        "0:39:1793",
        [
            "integration::submod1::AUnitEnum                    0:39:1793            [Enum: (AUnitEnum)]",
        ],
    ),
    (
        "0:3:1786",
        [
            "integration::AUnitStruct                           0:3:1786             [Struct: (AUnitStruct)]",
        ],
    ),
    (
        "0:40:1794",
        [
            "integration::submod1::AUnitEnum::A                 0:40:1794            [Variant: (A)]",
        ],
    ),
    (
        "0:42:1795",
        [
            "integration::submod1::AUnitEnum::B                 0:42:1795            [Variant: (B)]",
        ],
    ),
    (
        "0:44:106",
        [
            "integration::submod1::AUnitEnum::C                 0:44:106             [Variant: (C)]",
        ],
    ),
    (
        "0:46",
        [],
    ),
    (
        "0:47:724",
        [],
    ),
    (
        "0:5:1787",
        [
            "integration::ATrait                                0:5:1787             [Trait: (ATrait)]",
        ],
    ),
    (
        "0:6",
        [],
    ),
    (
        "a:2:2997:246-0:17:1799",
        [
            "core::marker::Sync                                 2:2997:246           [Trait]",
            "integration::FieldsNamedStruct                     0:17:1799            [Struct]",
        ],
    ),
    (
        "a:2:2997:246-0:39:1793",
        [
            "core::marker::Sync                                 2:2997:246           [Trait]",
            "integration::submod1::AUnitEnum                    0:39:1793            [Enum]",
        ],
    ),
    (
        "a:2:2997:246-0:3:1786",
        [
            "core::marker::Sync                                 2:2997:246           [Trait]",
            "integration::AUnitStruct                           0:3:1786             [Struct]",
        ],
    ),
    (
        "a:2:32833:237-0:17:1799",
        [
            "core::marker::Send                                 2:32833:237          [Trait]",
            "integration::FieldsNamedStruct                     0:17:1799            [Struct]",
        ],
    ),
    (
        "a:2:32833:237-0:39:1793",
        [
            "core::marker::Send                                 2:32833:237          [Trait]",
            "integration::submod1::AUnitEnum                    0:39:1793            [Enum]",
        ],
    ),
    (
        "a:2:32833:237-0:3:1786",
        [
            "core::marker::Send                                 2:32833:237          [Trait]",
            "integration::AUnitStruct                           0:3:1786             [Struct]",
        ],
    ),
    (
        "a:2:32890:2076-0:17:1799",
        [
            "core::marker::Unpin                                2:32890:2076         [Trait]",
            "integration::FieldsNamedStruct                     0:17:1799            [Struct]",
        ],
    ),
    (
        "a:2:32890:2076-0:39:1793",
        [
            "core::marker::Unpin                                2:32890:2076         [Trait]",
            "integration::submod1::AUnitEnum                    0:39:1793            [Enum]",
        ],
    ),
    (
        "a:2:32890:2076-0:3:1786",
        [
            "core::marker::Unpin                                2:32890:2076         [Trait]",
            "integration::AUnitStruct                           0:3:1786             [Struct]",
        ],
    ),
    (
        "a:2:42468:2324-0:17:1799",
        [
            "core::panic::unwind_safe::UnwindSafe               2:42468:2324         [Trait]",
            "integration::FieldsNamedStruct                     0:17:1799            [Struct]",
        ],
    ),
    (
        "a:2:42468:2324-0:39:1793",
        [
            "core::panic::unwind_safe::UnwindSafe               2:42468:2324         [Trait]",
            "integration::submod1::AUnitEnum                    0:39:1793            [Enum]",
        ],
    ),
    (
        "a:2:42468:2324-0:3:1786",
        [
            "core::panic::unwind_safe::UnwindSafe               2:42468:2324         [Trait]",
            "integration::AUnitStruct                           0:3:1786             [Struct]",
        ],
    ),
    (
        "a:2:42469:2323-0:17:1799",
        [
            "core::panic::unwind_safe::RefUnwindSafe            2:42469:2323         [Trait]",
            "integration::FieldsNamedStruct                     0:17:1799            [Struct]",
        ],
    ),
    (
        "a:2:42469:2323-0:39:1793",
        [
            "core::panic::unwind_safe::RefUnwindSafe            2:42469:2323         [Trait]",
            "integration::submod1::AUnitEnum                    0:39:1793            [Enum]",
        ],
    ),
    (
        "a:2:42469:2323-0:3:1786",
        [
            "core::panic::unwind_safe::RefUnwindSafe            2:42469:2323         [Trait]",
            "integration::AUnitStruct                           0:3:1786             [Struct]",
        ],
    ),
    (
        "b:2:2471-0:17:1799",
        [
            "integration::FieldsNamedStruct                     0:17:1799            [Struct]",
        ],
    ),
    (
        "b:2:2471-0:39:1793",
        [
            "integration::submod1::AUnitEnum                    0:39:1793            [Enum]",
        ],
    ),
    (
        "b:2:2471-0:3:1786",
        [
            "integration::AUnitStruct                           0:3:1786             [Struct]",
        ],
    ),
    (
        "b:2:2474-0:17:1799",
        [
            "integration::FieldsNamedStruct                     0:17:1799            [Struct]",
        ],
    ),
    (
        "b:2:2474-0:39:1793",
        [
            "integration::submod1::AUnitEnum                    0:39:1793            [Enum]",
        ],
    ),
    (
        "b:2:2474-0:3:1786",
        [
            "integration::AUnitStruct                           0:3:1786             [Struct]",
        ],
    ),
    (
        "b:2:2774-0:17:1799",
        [
            "integration::FieldsNamedStruct                     0:17:1799            [Struct]",
        ],
    ),
    (
        "b:2:2774-0:39:1793",
        [
            "integration::submod1::AUnitEnum                    0:39:1793            [Enum]",
        ],
    ),
    (
        "b:2:2774-0:3:1786",
        [
            "integration::AUnitStruct                           0:3:1786             [Struct]",
        ],
    ),
    (
        "b:2:2778-0:17:1799",
        [
            "integration::FieldsNamedStruct                     0:17:1799            [Struct]",
        ],
    ),
    (
        "b:2:2778-0:39:1793",
        [
            "integration::submod1::AUnitEnum                    0:39:1793            [Enum]",
        ],
    ),
    (
        "b:2:2778-0:3:1786",
        [
            "integration::AUnitStruct                           0:3:1786             [Struct]",
        ],
    ),
    (
        "b:2:2784-0:17:1799",
        [
            "integration::FieldsNamedStruct                     0:17:1799            [Struct]",
        ],
    ),
    (
        "b:2:2784-0:39:1793",
        [
            "integration::submod1::AUnitEnum                    0:39:1793            [Enum]",
        ],
    ),
    (
        "b:2:2784-0:3:1786",
        [
            "integration::AUnitStruct                           0:3:1786             [Struct]",
        ],
    ),
    (
        "b:2:2789-0:17:1799",
        [
            "integration::FieldsNamedStruct                     0:17:1799            [Struct]",
        ],
    ),
    (
        "b:2:2789-0:39:1793",
        [
            "integration::submod1::AUnitEnum                    0:39:1793            [Enum]",
        ],
    ),
    (
        "b:2:2789-0:3:1786",
        [
            "integration::AUnitStruct                           0:3:1786             [Struct]",
        ],
    ),
    (
        "b:2:3610-0:17:1799",
        [
            "integration::FieldsNamedStruct                     0:17:1799            [Struct]",
        ],
    ),
    (
        "b:2:3610-0:39:1793",
        [
            "integration::submod1::AUnitEnum                    0:39:1793            [Enum]",
        ],
    ),
    (
        "b:2:3610-0:3:1786",
        [
            "integration::AUnitStruct                           0:3:1786             [Struct]",
        ],
    ),
]
