---
source: tests/parse-json-docs/parse.rs
expression: treelines.all_lines()
---
[
    TreeLine {
        tag: Module,
        level: 0,
        name.text: "integration",
    },
    TreeLine {
        tag: Functions,
        level: 1,
        name.text: "Functions",
    },
    TreeLine {
        tag: Function,
        level: 2,
        name.text: "func_dyn_trait",
    },
    TreeLine {
        tag: Function,
        level: 2,
        name.text: "func_with_1arg",
    },
    TreeLine {
        tag: Function,
        level: 2,
        name.text: "func_with_1arg_and_ret",
    },
    TreeLine {
        tag: Function,
        level: 2,
        name.text: "func_with_no_args",
    },
    TreeLine {
        tag: Constants,
        level: 1,
        name.text: "Constants",
    },
    TreeLine {
        tag: Constant,
        level: 2,
        name.text: "ACONSTANT",
    },
    TreeLine {
        tag: Constant,
        level: 2,
        name.text: "ASTATIC",
    },
    TreeLine {
        tag: MacroDecls,
        level: 1,
        name.text: "Macros - Declarative",
    },
    TreeLine {
        tag: MacroDecl,
        level: 2,
        name.text: "a_decl_macro",
    },
    TreeLine {
        tag: Traits,
        level: 1,
        name.text: "Traits",
    },
    TreeLine {
        tag: Trait,
        level: 2,
        name.text: "integration::ATrait",
    },
    TreeLine {
        tag: Implementors,
        level: 3,
        name.text: "Implementors",
    },
    TreeLine {
        tag: Implementor,
        level: 4,
        name.text: "AUnitStruct: ATrait",
    },
    TreeLine {
        tag: Structs,
        level: 1,
        name.text: "Structs",
    },
    TreeLine {
        tag: Struct,
        level: 2,
        name.text: "integration::AUnitStruct",
    },
    TreeLine {
        tag: NoFields,
        level: 3,
        name.text: "No Fields!",
    },
    TreeLine {
        tag: Implementations,
        level: 3,
        name.text: "Implementations",
    },
    TreeLine {
        tag: TraitImpls,
        level: 4,
        name.text: "Trait Impls",
    },
    TreeLine {
        tag: ImplTrait,
        level: 5,
        name.text: "AUnitStruct: ATrait",
    },
    TreeLine {
        tag: AutoImpls,
        level: 4,
        name.text: "Auto Impls",
    },
    TreeLine {
        tag: ImplAuto,
        level: 5,
        name.text: "AUnitStruct: RefUnwindSafe",
    },
    TreeLine {
        tag: ImplAuto,
        level: 5,
        name.text: "AUnitStruct: Send",
    },
    TreeLine {
        tag: ImplAuto,
        level: 5,
        name.text: "AUnitStruct: Sync",
    },
    TreeLine {
        tag: ImplAuto,
        level: 5,
        name.text: "AUnitStruct: Unpin",
    },
    TreeLine {
        tag: ImplAuto,
        level: 5,
        name.text: "AUnitStruct: UnwindSafe",
    },
    TreeLine {
        tag: BlanketImpls,
        level: 4,
        name.text: "Blanket Impls",
    },
    TreeLine {
        tag: ImplBlanket,
        level: 5,
        name.text: "T: Any",
    },
    TreeLine {
        tag: ImplBlanket,
        level: 5,
        name.text: "T: Borrow<T>",
    },
    TreeLine {
        tag: ImplBlanket,
        level: 5,
        name.text: "T: BorrowMut<T>",
    },
    TreeLine {
        tag: ImplBlanket,
        level: 5,
        name.text: "T: From<T>",
    },
    TreeLine {
        tag: ImplBlanket,
        level: 5,
        name.text: "T: Into<U>",
    },
    TreeLine {
        tag: ImplBlanket,
        level: 5,
        name.text: "T: TryFrom<U>",
    },
    TreeLine {
        tag: ImplBlanket,
        level: 5,
        name.text: "T: TryInto<U>",
    },
    TreeLine {
        tag: Struct,
        level: 2,
        name.text: "integration::FieldsNamedStruct",
    },
    TreeLine {
        tag: Fields,
        level: 3,
        name.text: "Fields",
    },
    TreeLine {
        tag: Field,
        level: 4,
        name.text: "field1",
    },
    TreeLine {
        tag: Field,
        level: 4,
        name.text: "field2",
    },
    TreeLine {
        tag: Field,
        level: 4,
        name.text: "field3",
    },
    TreeLine {
        tag: FieldsPrivate,
        level: 4,
        name.text: "/* private fields */",
    },
    TreeLine {
        tag: Implementations,
        level: 3,
        name.text: "Implementations",
    },
    TreeLine {
        tag: InherentImpls,
        level: 4,
        name.text: "Inherent Impls",
    },
    TreeLine {
        tag: Function,
        level: 5,
        name.text: "by_rc",
    },
    TreeLine {
        tag: Function,
        level: 5,
        name.text: "by_ref",
    },
    TreeLine {
        tag: Function,
        level: 5,
        name.text: "by_ref_mut",
    },
    TreeLine {
        tag: Function,
        level: 5,
        name.text: "consume",
    },
    TreeLine {
        tag: Function,
        level: 5,
        name.text: "new",
    },
    TreeLine {
        tag: TraitImpls,
        level: 4,
        name.text: "Trait Impls",
    },
    TreeLine {
        tag: ImplTrait,
        level: 5,
        name.text: "FieldsNamedStruct: Default",
    },
    TreeLine {
        tag: Function,
        level: 6,
        name.text: "default",
    },
    TreeLine {
        tag: AutoImpls,
        level: 4,
        name.text: "Auto Impls",
    },
    TreeLine {
        tag: ImplAuto,
        level: 5,
        name.text: "FieldsNamedStruct: RefUnwindSafe",
    },
    TreeLine {
        tag: ImplAuto,
        level: 5,
        name.text: "FieldsNamedStruct: Send",
    },
    TreeLine {
        tag: ImplAuto,
        level: 5,
        name.text: "FieldsNamedStruct: Sync",
    },
    TreeLine {
        tag: ImplAuto,
        level: 5,
        name.text: "FieldsNamedStruct: Unpin",
    },
    TreeLine {
        tag: ImplAuto,
        level: 5,
        name.text: "FieldsNamedStruct: UnwindSafe",
    },
    TreeLine {
        tag: BlanketImpls,
        level: 4,
        name.text: "Blanket Impls",
    },
    TreeLine {
        tag: ImplBlanket,
        level: 5,
        name.text: "T: Any",
    },
    TreeLine {
        tag: ImplBlanket,
        level: 5,
        name.text: "T: Borrow<T>",
    },
    TreeLine {
        tag: ImplBlanket,
        level: 5,
        name.text: "T: BorrowMut<T>",
    },
    TreeLine {
        tag: ImplBlanket,
        level: 5,
        name.text: "T: From<T>",
    },
    TreeLine {
        tag: ImplBlanket,
        level: 5,
        name.text: "T: Into<U>",
    },
    TreeLine {
        tag: ImplBlanket,
        level: 5,
        name.text: "T: TryFrom<U>",
    },
    TreeLine {
        tag: ImplBlanket,
        level: 5,
        name.text: "T: TryInto<U>",
    },
    TreeLine {
        tag: Module,
        level: 1,
        name.text: "integration::submod1",
    },
    TreeLine {
        tag: Enums,
        level: 2,
        name.text: "Enums",
    },
    TreeLine {
        tag: Enum,
        level: 3,
        name.text: "integration::submod1::AUnitEnum",
    },
    TreeLine {
        tag: Variants,
        level: 4,
        name.text: "Variants",
    },
    TreeLine {
        tag: Variant,
        level: 5,
        name.text: "A",
    },
    TreeLine {
        tag: Variant,
        level: 5,
        name.text: "B",
    },
    TreeLine {
        tag: Variant,
        level: 5,
        name.text: "C",
    },
    TreeLine {
        tag: Implementations,
        level: 4,
        name.text: "Implementations",
    },
    TreeLine {
        tag: InherentImpls,
        level: 5,
        name.text: "Inherent Impls",
    },
    TreeLine {
        tag: Function,
        level: 6,
        name.text: "print",
    },
    TreeLine {
        tag: TraitImpls,
        level: 5,
        name.text: "Trait Impls",
    },
    TreeLine {
        tag: ImplTrait,
        level: 6,
        name.text: "AUnitEnum: Debug",
    },
    TreeLine {
        tag: Function,
        level: 7,
        name.text: "fmt",
    },
    TreeLine {
        tag: AutoImpls,
        level: 5,
        name.text: "Auto Impls",
    },
    TreeLine {
        tag: ImplAuto,
        level: 6,
        name.text: "AUnitEnum: RefUnwindSafe",
    },
    TreeLine {
        tag: ImplAuto,
        level: 6,
        name.text: "AUnitEnum: Send",
    },
    TreeLine {
        tag: ImplAuto,
        level: 6,
        name.text: "AUnitEnum: Sync",
    },
    TreeLine {
        tag: ImplAuto,
        level: 6,
        name.text: "AUnitEnum: Unpin",
    },
    TreeLine {
        tag: ImplAuto,
        level: 6,
        name.text: "AUnitEnum: UnwindSafe",
    },
    TreeLine {
        tag: BlanketImpls,
        level: 5,
        name.text: "Blanket Impls",
    },
    TreeLine {
        tag: ImplBlanket,
        level: 6,
        name.text: "T: Any",
    },
    TreeLine {
        tag: ImplBlanket,
        level: 6,
        name.text: "T: Borrow<T>",
    },
    TreeLine {
        tag: ImplBlanket,
        level: 6,
        name.text: "T: BorrowMut<T>",
    },
    TreeLine {
        tag: ImplBlanket,
        level: 6,
        name.text: "T: From<T>",
    },
    TreeLine {
        tag: ImplBlanket,
        level: 6,
        name.text: "T: Into<U>",
    },
    TreeLine {
        tag: ImplBlanket,
        level: 6,
        name.text: "T: TryFrom<U>",
    },
    TreeLine {
        tag: ImplBlanket,
        level: 6,
        name.text: "T: TryInto<U>",
    },
    TreeLine {
        tag: Module,
        level: 2,
        name.text: "integration::submod1::submod2",
    },
    TreeLine {
        tag: Traits,
        level: 3,
        name.text: "Traits",
    },
    TreeLine {
        tag: Trait,
        level: 4,
        name.text: "integration::submod1::submod2::ATraitNeverImplementedForTypes",
    },
    TreeLine {
        tag: NoAssocOrImpls,
        level: 5,
        name.text: "No Associated Items Or Implementors!",
    },
    TreeLine {
        tag: Structs,
        level: 3,
        name.text: "Structs",
    },
    TreeLine {
        tag: Struct,
        level: 4,
        name.text: "AStructAlias",
    },
    TreeLine {
        tag: NoFields,
        level: 5,
        name.text: "No Fields!",
    },
    TreeLine {
        tag: Implementations,
        level: 5,
        name.text: "Implementations",
    },
    TreeLine {
        tag: TraitImpls,
        level: 6,
        name.text: "Trait Impls",
    },
    TreeLine {
        tag: ImplTrait,
        level: 7,
        name.text: "AUnitStruct: ATrait",
    },
    TreeLine {
        tag: AutoImpls,
        level: 6,
        name.text: "Auto Impls",
    },
    TreeLine {
        tag: ImplAuto,
        level: 7,
        name.text: "AUnitStruct: RefUnwindSafe",
    },
    TreeLine {
        tag: ImplAuto,
        level: 7,
        name.text: "AUnitStruct: Send",
    },
    TreeLine {
        tag: ImplAuto,
        level: 7,
        name.text: "AUnitStruct: Sync",
    },
    TreeLine {
        tag: ImplAuto,
        level: 7,
        name.text: "AUnitStruct: Unpin",
    },
    TreeLine {
        tag: ImplAuto,
        level: 7,
        name.text: "AUnitStruct: UnwindSafe",
    },
    TreeLine {
        tag: BlanketImpls,
        level: 6,
        name.text: "Blanket Impls",
    },
    TreeLine {
        tag: ImplBlanket,
        level: 7,
        name.text: "T: Any",
    },
    TreeLine {
        tag: ImplBlanket,
        level: 7,
        name.text: "T: Borrow<T>",
    },
    TreeLine {
        tag: ImplBlanket,
        level: 7,
        name.text: "T: BorrowMut<T>",
    },
    TreeLine {
        tag: ImplBlanket,
        level: 7,
        name.text: "T: From<T>",
    },
    TreeLine {
        tag: ImplBlanket,
        level: 7,
        name.text: "T: Into<U>",
    },
    TreeLine {
        tag: ImplBlanket,
        level: 7,
        name.text: "T: TryFrom<U>",
    },
    TreeLine {
        tag: ImplBlanket,
        level: 7,
        name.text: "T: TryInto<U>",
    },
    TreeLine {
        tag: Struct,
        level: 4,
        name.text: "AUnitStruct",
    },
    TreeLine {
        tag: NoFields,
        level: 5,
        name.text: "No Fields!",
    },
    TreeLine {
        tag: Implementations,
        level: 5,
        name.text: "Implementations",
    },
    TreeLine {
        tag: TraitImpls,
        level: 6,
        name.text: "Trait Impls",
    },
    TreeLine {
        tag: ImplTrait,
        level: 7,
        name.text: "AUnitStruct: ATrait",
    },
    TreeLine {
        tag: AutoImpls,
        level: 6,
        name.text: "Auto Impls",
    },
    TreeLine {
        tag: ImplAuto,
        level: 7,
        name.text: "AUnitStruct: RefUnwindSafe",
    },
    TreeLine {
        tag: ImplAuto,
        level: 7,
        name.text: "AUnitStruct: Send",
    },
    TreeLine {
        tag: ImplAuto,
        level: 7,
        name.text: "AUnitStruct: Sync",
    },
    TreeLine {
        tag: ImplAuto,
        level: 7,
        name.text: "AUnitStruct: Unpin",
    },
    TreeLine {
        tag: ImplAuto,
        level: 7,
        name.text: "AUnitStruct: UnwindSafe",
    },
    TreeLine {
        tag: BlanketImpls,
        level: 6,
        name.text: "Blanket Impls",
    },
    TreeLine {
        tag: ImplBlanket,
        level: 7,
        name.text: "T: Any",
    },
    TreeLine {
        tag: ImplBlanket,
        level: 7,
        name.text: "T: Borrow<T>",
    },
    TreeLine {
        tag: ImplBlanket,
        level: 7,
        name.text: "T: BorrowMut<T>",
    },
    TreeLine {
        tag: ImplBlanket,
        level: 7,
        name.text: "T: From<T>",
    },
    TreeLine {
        tag: ImplBlanket,
        level: 7,
        name.text: "T: Into<U>",
    },
    TreeLine {
        tag: ImplBlanket,
        level: 7,
        name.text: "T: TryFrom<U>",
    },
    TreeLine {
        tag: ImplBlanket,
        level: 7,
        name.text: "T: TryInto<U>",
    },
]
