---
source: tests/parse-json-docs/parse.rs
expression: empty
---

├── [Mod] 
│   ├── [Mod] 
│   │   ├── 
│   │   │   ├── [Struct] 
│   │   │   │   ├── 
│   │   │   │   └── 
│   │   │   │       ├── 
│   │   │   │       │   └── 
│   │   │   │       ├── 
│   │   │   │       │   ├── 
│   │   │   │       │   ├── 
│   │   │   │       │   ├── 
│   │   │   │       │   ├── 
│   │   │   │       │   └── 
│   │   │   │       └── 
│   │   │   │           ├── 
│   │   │   │           ├── 
│   │   │   │           ├── 
│   │   │   │           ├── 
│   │   │   │           ├── 
│   │   │   │           ├── 
│   │   │   │           └── 
│   │   │   └── [Struct] 
│   │   │       ├── 
│   │   │       └── 
│   │   │           ├── 
│   │   │           │   └── 
│   │   │           ├── 
│   │   │           │   ├── 
│   │   │           │   ├── 
│   │   │           │   ├── 
│   │   │           │   ├── 
│   │   │           │   └── 
│   │   │           └── 
│   │   │               ├── 
│   │   │               ├── 
│   │   │               ├── 
│   │   │               ├── 
│   │   │               ├── 
│   │   │               ├── 
│   │   │               └── 
│   │   └── 
│   │       └── [Trait] 
│   │           └── 
│   └── 
│       └── [Enum] 
│           ├── 
│           │   ├── [variant] 
│           │   ├── [variant] 
│           │   └── [variant] 
│           └── 
│               ├── 
│               │   └── 
│               ├── 
│               │   └── 
│               ├── 
│               │   ├── 
│               │   ├── 
│               │   ├── 
│               │   ├── 
│               │   └── 
│               └── 
│                   ├── 
│                   ├── 
│                   ├── 
│                   ├── 
│                   ├── 
│                   ├── 
│                   └── 
├── 
│   ├── [Struct] 
│   │   ├── 
│   │   └── 
│   │       ├── 
│   │       │   └── 
│   │       ├── 
│   │       │   ├── 
│   │       │   ├── 
│   │       │   ├── 
│   │       │   ├── 
│   │       │   └── 
│   │       └── 
│   │           ├── 
│   │           ├── 
│   │           ├── 
│   │           ├── 
│   │           ├── 
│   │           ├── 
│   │           └── 
│   └── [Struct] 
│       ├── 
│       │   ├── [field] 
│       │   ├── [field] 
│       │   ├── [field] 
│       │   └── 
│       └── 
│           ├── 
│           │   └── 
│           ├── 
│           │   └── 
│           ├── 
│           │   ├── 
│           │   ├── 
│           │   ├── 
│           │   ├── 
│           │   └── 
│           └── 
│               ├── 
│               ├── 
│               ├── 
│               ├── 
│               ├── 
│               ├── 
│               └── 
├── 
│   └── [Trait] 
│       └── 
│           └── 
├── 
│   ├── [Fn] 
│   ├── [Fn] 
│   └── [Fn] 
├── 
│   ├── [Const] 
│   └── [Const] 
└── 
    └── [macro decl] 

