---
source: tests/parse-json-docs/parse.rs
expression: parsed
---
DModule {
    id: "0:0:1778",
    modules: [
        DModule {
            id: "0:10:1776",
            modules: [
                DModule {
                    id: "0:11:415",
                },
            ],
        },
    ],
    structs: [
        DStruct {
            id: "0:3:1774",
            impls: DImpl {
                trait_: [
                    "0:6",
                ],
                auto: [
                    "a:2:2957:254-0:3:1774",
                    "a:2:42204:2420-0:3:1774",
                    "a:2:32574:2039-0:3:1774",
                    "a:2:32492:244-0:3:1774",
                    "a:2:42205:2749-0:3:1774",
                ],
                blanket: [
                    "b:2:2745-0:3:1774",
                    "b:2:3504-0:3:1774",
                    "b:2:2435-0:3:1774",
                    "b:2:2750-0:3:1774",
                    "b:2:2739-0:3:1774",
                    "b:2:2735-0:3:1774",
                    "b:2:2432-0:3:1774",
                ],
            },
        },
    ],
    traits: [
        DTrait {
            id: "0:5:260",
            implementations: [
                "0:6",
            ],
        },
    ],
}
