---
source: tests/parse-json-docs/parse.rs
expression: dmod.show()
---
[mod] 0:0:1811
├── Structs
│   ├── [struct] 0:3:1785
│   │   ├── Fields
│   │   └── Implementations
│   │       ├── Inherent Impls
│   │       ├── Trait Impls
│   │       │   └── 0:6
│   │       ├── Auto Impls
│   │       │   ├── a:2:32754:237-0:3:1785
│   │       │   ├── a:2:2990:246-0:3:1785
│   │       │   ├── a:2:42389:5568-0:3:1785
│   │       │   ├── a:2:32811:2068-0:3:1785
│   │       │   └── a:2:42390:5764-0:3:1785
│   │       └── Blanket Impls
│   │           ├── b:2:2768-0:3:1785
│   │           ├── b:2:2778-0:3:1785
│   │           ├── b:2:2465-0:3:1785
│   │           ├── b:2:2468-0:3:1785
│   │           ├── b:2:3603-0:3:1785
│   │           ├── b:2:2772-0:3:1785
│   │           └── b:2:2783-0:3:1785
│   └── [struct] 0:17:1798
│       ├── Fields
│       │   ├── 0:18:1799
│       │   ├── 0:19:1800
│       │   ├── 0:20:1801
│       │   └── /* private fields */
│       └── Implementations
│           ├── Inherent Impls
│           │   └── 0:22
│           ├── Trait Impls
│           │   └── 0:25
│           ├── Auto Impls
│           │   ├── a:2:32754:237-0:17:1798
│           │   ├── a:2:2990:246-0:17:1798
│           │   ├── a:2:42389:5568-0:17:1798
│           │   ├── a:2:32811:2068-0:17:1798
│           │   └── a:2:42390:5764-0:17:1798
│           └── Blanket Impls
│               ├── b:2:2768-0:17:1798
│               ├── b:2:2778-0:17:1798
│               ├── b:2:2465-0:17:1798
│               ├── b:2:2468-0:17:1798
│               ├── b:2:3603-0:17:1798
│               ├── b:2:2772-0:17:1798
│               └── b:2:2783-0:17:1798
├── Traits
│   └── [trait] 0:5:1786
│       ├── Associated Types
│       ├── Associated Constants
│       ├── Associated Functions
│       └── Implementors
│           └── 0:6
├── Functions
│   ├── 0:28:1805
│   ├── 0:29:1806
│   └── 0:27:1804
├── Constants
│   ├── 0:30:1807
│   └── 0:31:1809
├── Macros - Declarative
│   └── 0:32:1810
└── [mod] 0:10:1788
    ├── Enums
    │   └── [enum]
    │       ├── Variants
    │       │   ├── 0:34:1793
    │       │   ├── 0:36:1794
    │       │   └── 0:38:106
    │       └── Implementations
    │           ├── Inherent Impls
    │           │   └── 0:15
    │           ├── Trait Impls
    │           │   └── 0:40
    │           ├── Auto Impls
    │           │   ├── a:2:32754:237-0:33:1792
    │           │   ├── a:2:2990:246-0:33:1792
    │           │   ├── a:2:42389:5568-0:33:1792
    │           │   ├── a:2:32811:2068-0:33:1792
    │           │   └── a:2:42390:5764-0:33:1792
    │           └── Blanket Impls
    │               ├── b:2:2768-0:33:1792
    │               ├── b:2:2778-0:33:1792
    │               ├── b:2:2465-0:33:1792
    │               ├── b:2:2468-0:33:1792
    │               ├── b:2:3603-0:33:1792
    │               ├── b:2:2772-0:33:1792
    │               └── b:2:2783-0:33:1792
    └── [mod] 0:11:1789
        ├── Structs
        │   ├── [struct] 0:13-0:3:1785
        │   │   ├── Fields
        │   │   └── Implementations
        │   │       ├── Inherent Impls
        │   │       ├── Trait Impls
        │   │       │   └── 0:6
        │   │       ├── Auto Impls
        │   │       │   ├── a:2:32754:237-0:3:1785
        │   │       │   ├── a:2:2990:246-0:3:1785
        │   │       │   ├── a:2:42389:5568-0:3:1785
        │   │       │   ├── a:2:32811:2068-0:3:1785
        │   │       │   └── a:2:42390:5764-0:3:1785
        │   │       └── Blanket Impls
        │   │           ├── b:2:2768-0:3:1785
        │   │           ├── b:2:2778-0:3:1785
        │   │           ├── b:2:2465-0:3:1785
        │   │           ├── b:2:2468-0:3:1785
        │   │           ├── b:2:3603-0:3:1785
        │   │           ├── b:2:2772-0:3:1785
        │   │           └── b:2:2783-0:3:1785
        │   └── [struct] 0:12-0:3:1785
        │       ├── Fields
        │       └── Implementations
        │           ├── Inherent Impls
        │           ├── Trait Impls
        │           │   └── 0:6
        │           ├── Auto Impls
        │           │   ├── a:2:32754:237-0:3:1785
        │           │   ├── a:2:2990:246-0:3:1785
        │           │   ├── a:2:42389:5568-0:3:1785
        │           │   ├── a:2:32811:2068-0:3:1785
        │           │   └── a:2:42390:5764-0:3:1785
        │           └── Blanket Impls
        │               ├── b:2:2768-0:3:1785
        │               ├── b:2:2778-0:3:1785
        │               ├── b:2:2465-0:3:1785
        │               ├── b:2:2468-0:3:1785
        │               ├── b:2:3603-0:3:1785
        │               ├── b:2:2772-0:3:1785
        │               └── b:2:2783-0:3:1785
        └── Traits
            └── [trait] 0:14:1791
                ├── Associated Types
                ├── Associated Constants
                ├── Associated Functions
                └── Implementors

