---
source: tests/parse-json-docs/parse.rs
expression: display
---
integration
├── [Mod] integration::submod1
│   ├── [Mod] integration::submod1::submod2
│   │   └── Traits
│   │       └── [Trait] integration::submod1::submod2::ATraitNeverImplementedForTypes
│   │           └── No Associated Items Or Implementors!
│   └── Enums
│       └── [Enum] integration::submod1::AUnitEnum
│           ├── Variants
│           │   ├── [variant] A
│           │   ├── [variant] B
│           │   └── [variant] C
│           └── Implementations
│               ├── Inherent Impls
│               │   └── 0:15
│               ├── Trait Impls
│               │   └── AUnitEnum: Debug
│               ├── Auto Impls
│               │   ├── AUnitEnum: Sync
│               │   ├── AUnitEnum: UnwindSafe
│               │   ├── AUnitEnum: Unpin
│               │   ├── AUnitEnum: Send
│               │   └── AUnitEnum: RefUnwindSafe
│               └── Blanket Impls
│                   ├── T: TryInto<U>
│                   ├── T: Any
│                   ├── T: BorrowMut<T>
│                   ├── T: TryFrom<U>
│                   ├── T: From<T>
│                   ├── T: Into<U>
│                   └── T: Borrow<T>
├── Structs
│   ├── [Struct] integration::AUnitStruct
│   │   ├── No Fields!
│   │   └── Implementations
│   │       ├── Trait Impls
│   │       │   └── AUnitStruct: ATrait
│   │       ├── Auto Impls
│   │       │   ├── AUnitStruct: Sync
│   │       │   ├── AUnitStruct: UnwindSafe
│   │       │   ├── AUnitStruct: Unpin
│   │       │   ├── AUnitStruct: Send
│   │       │   └── AUnitStruct: RefUnwindSafe
│   │       └── Blanket Impls
│   │           ├── T: TryInto<U>
│   │           ├── T: Any
│   │           ├── T: BorrowMut<T>
│   │           ├── T: TryFrom<U>
│   │           ├── T: From<T>
│   │           ├── T: Into<U>
│   │           └── T: Borrow<T>
│   └── [Struct] integration::FieldsNamedStruct
│       ├── Fields
│       │   ├── [field] field1
│       │   ├── [field] field2
│       │   ├── [field] field3
│       │   └── /* private fields */
│       └── Implementations
│           ├── Inherent Impls
│           │   └── 0:22
│           ├── Trait Impls
│           │   └── FieldsNamedStruct: Default
│           ├── Auto Impls
│           │   ├── FieldsNamedStruct: Sync
│           │   ├── FieldsNamedStruct: UnwindSafe
│           │   ├── FieldsNamedStruct: Unpin
│           │   ├── FieldsNamedStruct: Send
│           │   └── FieldsNamedStruct: RefUnwindSafe
│           └── Blanket Impls
│               ├── T: TryInto<U>
│               ├── T: Any
│               ├── T: BorrowMut<T>
│               ├── T: TryFrom<U>
│               ├── T: From<T>
│               ├── T: Into<U>
│               └── T: Borrow<T>
├── Traits
│   └── [Trait] integration::ATrait
│       └── Implementors
│           └── AUnitStruct: ATrait
├── Functions
│   ├── [Fn] func_with_no_args
│   ├── [Fn] func_with_1arg
│   └── [Fn] func_with_1arg_and_ret
├── Constants
│   ├── [Const] ACONSTANT
│   └── [Const] ASTATIC
└── Macros - Declarative
    └── [macro decl] a_decl_macro

