---
source: tests/parse-json-docs/parse.rs
expression: dmod
---
DModule {
    id: "0:0:1800",
    modules: [
        DModule {
            id: "0:10:1777",
            modules: [
                DModule {
                    id: "0:11:1778",
                    structs: [
                        DStruct {
                            id: "0:13-0:3:1774",
                            impls: DImpl {
                                trait_: [
                                    "0:6",
                                ],
                                auto: [
                                    "a:2:2957:254-0:3:1774",
                                    "a:2:42204:5740-0:3:1774",
                                    "a:2:32574:2059-0:3:1774",
                                    "a:2:32492:244-0:3:1774",
                                    "a:2:42205:5922-0:3:1774",
                                ],
                                blanket: [
                                    "b:2:2745-0:3:1774",
                                    "b:2:3504-0:3:1774",
                                    "b:2:2435-0:3:1774",
                                    "b:2:2750-0:3:1774",
                                    "b:2:2739-0:3:1774",
                                    "b:2:2735-0:3:1774",
                                    "b:2:2432-0:3:1774",
                                ],
                            },
                        },
                        DStruct {
                            id: "0:12-0:3:1774",
                            impls: DImpl {
                                trait_: [
                                    "0:6",
                                ],
                                auto: [
                                    "a:2:2957:254-0:3:1774",
                                    "a:2:42204:5740-0:3:1774",
                                    "a:2:32574:2059-0:3:1774",
                                    "a:2:32492:244-0:3:1774",
                                    "a:2:42205:5922-0:3:1774",
                                ],
                                blanket: [
                                    "b:2:2745-0:3:1774",
                                    "b:2:3504-0:3:1774",
                                    "b:2:2435-0:3:1774",
                                    "b:2:2750-0:3:1774",
                                    "b:2:2739-0:3:1774",
                                    "b:2:2735-0:3:1774",
                                    "b:2:2432-0:3:1774",
                                ],
                            },
                        },
                    ],
                    traits: [
                        DTrait {
                            id: "0:14:1780",
                        },
                    ],
                },
            ],
            enums: [
                DEnum {
                    id: "0:33:1781",
                    variants: [
                        "0:34:1782",
                        "0:36:1783",
                        "0:38:106",
                    ],
                    impls: DImpl {
                        inherent: [
                            "0:15",
                        ],
                        trait_: [
                            "0:40",
                        ],
                        auto: [
                            "a:2:2957:254-0:33:1781",
                            "a:2:42204:5740-0:33:1781",
                            "a:2:32574:2059-0:33:1781",
                            "a:2:32492:244-0:33:1781",
                            "a:2:42205:5922-0:33:1781",
                        ],
                        blanket: [
                            "b:2:2745-0:33:1781",
                            "b:2:3504-0:33:1781",
                            "b:2:2435-0:33:1781",
                            "b:2:2750-0:33:1781",
                            "b:2:2739-0:33:1781",
                            "b:2:2735-0:33:1781",
                            "b:2:2432-0:33:1781",
                        ],
                    },
                },
            ],
        },
    ],
    structs: [
        DStruct {
            id: "0:3:1774",
            impls: DImpl {
                trait_: [
                    "0:6",
                ],
                auto: [
                    "a:2:2957:254-0:3:1774",
                    "a:2:42204:5740-0:3:1774",
                    "a:2:32574:2059-0:3:1774",
                    "a:2:32492:244-0:3:1774",
                    "a:2:42205:5922-0:3:1774",
                ],
                blanket: [
                    "b:2:2745-0:3:1774",
                    "b:2:3504-0:3:1774",
                    "b:2:2435-0:3:1774",
                    "b:2:2750-0:3:1774",
                    "b:2:2739-0:3:1774",
                    "b:2:2735-0:3:1774",
                    "b:2:2432-0:3:1774",
                ],
            },
        },
        DStruct {
            id: "0:17:1787",
            contain_private_fields: true,
            fields: [
                "0:18:1788",
                "0:19:1789",
                "0:20:1790",
            ],
            impls: DImpl {
                inherent: [
                    "0:22",
                ],
                trait_: [
                    "0:25",
                ],
                auto: [
                    "a:2:2957:254-0:17:1787",
                    "a:2:42204:5740-0:17:1787",
                    "a:2:32574:2059-0:17:1787",
                    "a:2:32492:244-0:17:1787",
                    "a:2:42205:5922-0:17:1787",
                ],
                blanket: [
                    "b:2:2745-0:17:1787",
                    "b:2:3504-0:17:1787",
                    "b:2:2435-0:17:1787",
                    "b:2:2750-0:17:1787",
                    "b:2:2739-0:17:1787",
                    "b:2:2735-0:17:1787",
                    "b:2:2432-0:17:1787",
                ],
            },
        },
    ],
    functions: [
        DFunction {
            id: "0:28:1794",
        },
        DFunction {
            id: "0:29:1795",
        },
        DFunction {
            id: "0:27:1793",
        },
    ],
    traits: [
        DTrait {
            id: "0:5:1775",
            implementations: [
                "0:6",
            ],
        },
    ],
    constants: [
        DConstant {
            id: "0:30:1796",
        },
        DConstant {
            id: "0:31:1798",
        },
    ],
    macros_decl: [
        DMacroDecl {
            id: "0:32:1799",
        },
    ],
}
