---
source: tests/parse-json-docs/parse.rs
expression: empty
---

├── 
│   ├── [Struct] 
│   │   ├── 
│   │   └── 
│   │       ├── 
│   │       │   └── 
│   │       ├── 
│   │       │   ├── 
│   │       │   ├── 
│   │       │   ├── 
│   │       │   ├── 
│   │       │   └── 
│   │       └── 
│   │           ├── 
│   │           ├── 
│   │           ├── 
│   │           ├── 
│   │           ├── 
│   │           ├── 
│   │           └── 
│   └── [Struct] 
│       ├── 
│       │   ├── [field] 
│       │   ├── [field] 
│       │   ├── [field] 
│       │   └── 
│       └── 
│           ├── 
│           │   └── 
│           ├── 
│           │   └── 
│           ├── 
│           │   ├── 
│           │   ├── 
│           │   ├── 
│           │   ├── 
│           │   └── 
│           └── 
│               ├── 
│               ├── 
│               ├── 
│               ├── 
│               ├── 
│               ├── 
│               └── 
├── 
│   └── [Trait] 
│       └── 
│           └── 
├── 
│   ├── [Fn] 
│   ├── [Fn] 
│   └── [Fn] 
├── 
│   ├── [Const] 
│   └── [Const] 
├── 
│   └── [macro decl] 
└── [Mod] 
    ├── 
    │   └── [Enum] 
    │       ├── 
    │       │   ├── [variant] 
    │       │   ├── [variant] 
    │       │   └── [variant] 
    │       └── 
    │           ├── 
    │           │   └── 
    │           ├── 
    │           │   └── 
    │           ├── 
    │           │   ├── 
    │           │   ├── 
    │           │   ├── 
    │           │   ├── 
    │           │   └── 
    │           └── 
    │               ├── 
    │               ├── 
    │               ├── 
    │               ├── 
    │               ├── 
    │               ├── 
    │               └── 
    └── [Mod] 
        ├── 
        │   ├── [Struct] 
        │   │   ├── 
        │   │   └── 
        │   │       ├── 
        │   │       │   └── 
        │   │       ├── 
        │   │       │   ├── 
        │   │       │   ├── 
        │   │       │   ├── 
        │   │       │   ├── 
        │   │       │   └── 
        │   │       └── 
        │   │           ├── 
        │   │           ├── 
        │   │           ├── 
        │   │           ├── 
        │   │           ├── 
        │   │           ├── 
        │   │           └── 
        │   └── [Struct] 
        │       ├── 
        │       └── 
        │           ├── 
        │           │   └── 
        │           ├── 
        │           │   ├── 
        │           │   ├── 
        │           │   ├── 
        │           │   ├── 
        │           │   └── 
        │           └── 
        │               ├── 
        │               ├── 
        │               ├── 
        │               ├── 
        │               ├── 
        │               ├── 
        │               └── 
        └── 
            └── [Trait] 
                └── 

