---
source: tests/parse-json-docs/parse.rs
expression: dmod.show()
---
[mod] 0:0:1812
├── Functions
│   ├── 0:28:1806
│   ├── 0:29:1807
│   └── 0:27:1805
├── Constants
│   ├── 0:30:1808
│   └── 0:31:1810
├── Macros - Declarative
│   └── 0:32:1811
├── Traits
│   └── [trait] 0:5:1787
│       ├── Associated Types
│       ├── Associated Constants
│       ├── Associated Functions
│       └── Implementors
│           └── 0:6
├── Structs
│   ├── [struct] 0:3:1786
│   │   ├── Fields
│   │   └── Implementations
│   │       ├── Inherent Impls
│   │       ├── Trait Impls
│   │       │   └── 0:6
│   │       ├── Auto Impls
│   │       │   ├── a:2:42469:5768-0:3:1786
│   │       │   ├── a:2:32833:237-0:3:1786
│   │       │   ├── a:2:2997:246-0:3:1786
│   │       │   ├── a:2:32890:2069-0:3:1786
│   │       │   └── a:2:42468:5572-0:3:1786
│   │       └── Blanket Impls
│   │           ├── b:2:3610-0:3:1786
│   │           ├── b:2:2471-0:3:1786
│   │           ├── b:2:2474-0:3:1786
│   │           ├── b:2:2778-0:3:1786
│   │           ├── b:2:2774-0:3:1786
│   │           ├── b:2:2789-0:3:1786
│   │           └── b:2:2784-0:3:1786
│   └── [struct] 0:17:1799
│       ├── Fields
│       │   ├── 0:18:1800
│       │   ├── 0:19:1801
│       │   ├── 0:20:1802
│       │   └── /* private fields */
│       └── Implementations
│           ├── Inherent Impls
│           │   └── 0:22
│           │       └── Functions
│           │           ├── 0:24:1804
│           │           └── 0:23:1048
│           ├── Trait Impls
│           │   └── 0:25
│           │       └── Functions
│           │           └── 0:26:60
│           ├── Auto Impls
│           │   ├── a:2:42469:5768-0:17:1799
│           │   ├── a:2:32833:237-0:17:1799
│           │   ├── a:2:2997:246-0:17:1799
│           │   ├── a:2:32890:2069-0:17:1799
│           │   └── a:2:42468:5572-0:17:1799
│           └── Blanket Impls
│               ├── b:2:3610-0:17:1799
│               ├── b:2:2471-0:17:1799
│               ├── b:2:2474-0:17:1799
│               ├── b:2:2778-0:17:1799
│               ├── b:2:2774-0:17:1799
│               ├── b:2:2789-0:17:1799
│               └── b:2:2784-0:17:1799
└── [mod] 0:10:1789
    ├── Enums
    │   └── [enum]
    │       ├── Variants
    │       │   ├── 0:34:1794
    │       │   ├── 0:36:1795
    │       │   └── 0:38:106
    │       └── Implementations
    │           ├── Inherent Impls
    │           │   └── 0:15
    │           │       └── Functions
    │           │           └── 0:16:1796
    │           ├── Trait Impls
    │           │   └── 0:40
    │           │       └── Functions
    │           │           └── 0:41:724
    │           ├── Auto Impls
    │           │   ├── a:2:42469:5768-0:33:1793
    │           │   ├── a:2:32833:237-0:33:1793
    │           │   ├── a:2:2997:246-0:33:1793
    │           │   ├── a:2:32890:2069-0:33:1793
    │           │   └── a:2:42468:5572-0:33:1793
    │           └── Blanket Impls
    │               ├── b:2:3610-0:33:1793
    │               ├── b:2:2471-0:33:1793
    │               ├── b:2:2474-0:33:1793
    │               ├── b:2:2778-0:33:1793
    │               ├── b:2:2774-0:33:1793
    │               ├── b:2:2789-0:33:1793
    │               └── b:2:2784-0:33:1793
    └── [mod] 0:11:1790
        ├── Traits
        │   └── [trait] 0:14:1792
        │       ├── Associated Types
        │       ├── Associated Constants
        │       ├── Associated Functions
        │       └── Implementors
        └── Structs
            ├── [struct] 0:13-0:3:1786
            │   ├── Fields
            │   └── Implementations
            │       ├── Inherent Impls
            │       ├── Trait Impls
            │       │   └── 0:6
            │       ├── Auto Impls
            │       │   ├── a:2:42469:5768-0:3:1786
            │       │   ├── a:2:32833:237-0:3:1786
            │       │   ├── a:2:2997:246-0:3:1786
            │       │   ├── a:2:32890:2069-0:3:1786
            │       │   └── a:2:42468:5572-0:3:1786
            │       └── Blanket Impls
            │           ├── b:2:3610-0:3:1786
            │           ├── b:2:2471-0:3:1786
            │           ├── b:2:2474-0:3:1786
            │           ├── b:2:2778-0:3:1786
            │           ├── b:2:2774-0:3:1786
            │           ├── b:2:2789-0:3:1786
            │           └── b:2:2784-0:3:1786
            └── [struct] 0:12-0:3:1786
                ├── Fields
                └── Implementations
                    ├── Inherent Impls
                    ├── Trait Impls
                    │   └── 0:6
                    ├── Auto Impls
                    │   ├── a:2:42469:5768-0:3:1786
                    │   ├── a:2:32833:237-0:3:1786
                    │   ├── a:2:2997:246-0:3:1786
                    │   ├── a:2:32890:2069-0:3:1786
                    │   └── a:2:42468:5572-0:3:1786
                    └── Blanket Impls
                        ├── b:2:3610-0:3:1786
                        ├── b:2:2471-0:3:1786
                        ├── b:2:2474-0:3:1786
                        ├── b:2:2778-0:3:1786
                        ├── b:2:2774-0:3:1786
                        ├── b:2:2789-0:3:1786
                        └── b:2:2784-0:3:1786
