---
source: tests/parse-json-docs/parse.rs
expression: dmod.item_tree(&doc)
---
integration
├── [Fn] func_dyn_trait
├── [Fn] func_with_1arg
├── [Fn] func_with_1arg_and_ret
├── [Fn] func_with_no_args
├── [Const] ACONSTANT
├── [Const] ASTATIC
├── [macro decl] a_decl_macro
├── [Trait] ATrait
├── [Struct] AUnitStruct
├── [Struct] FieldsNamedStruct
└── [Mod] integration::submod1
    ├── [Enum] AUnitEnum
    └── [Mod] integration::submod1::submod2
        ├── [Trait] ATraitNeverImplementedForTypes
        ├── [Struct] AStructAlias
        └── [Struct] AUnitStruct
