---
source: tests/parse-json-docs/parse.rs
expression: dmod
---
DModule {
    id: "0:0:1820",
    modules: [
        DModule {
            id: "0:10:1789",
            modules: [
                DModule {
                    id: "0:11:1790",
                    structs: [
                        DStruct {
                            id: "0:13-0:3:1786",
                            impls: DImpl {
                                trait_: [
                                    DImplInner {
                                        id: "0:6",
                                    },
                                ],
                                auto: [
                                    DImplInner {
                                        id: "a:2:42469:2323-0:3:1786",
                                    },
                                    DImplInner {
                                        id: "a:2:32833:237-0:3:1786",
                                    },
                                    DImplInner {
                                        id: "a:2:2997:246-0:3:1786",
                                    },
                                    DImplInner {
                                        id: "a:2:32890:2076-0:3:1786",
                                    },
                                    DImplInner {
                                        id: "a:2:42468:2324-0:3:1786",
                                    },
                                ],
                                blanket: [
                                    DImplInner {
                                        id: "b:2:3610-0:3:1786",
                                    },
                                    DImplInner {
                                        id: "b:2:2471-0:3:1786",
                                    },
                                    DImplInner {
                                        id: "b:2:2474-0:3:1786",
                                    },
                                    DImplInner {
                                        id: "b:2:2778-0:3:1786",
                                    },
                                    DImplInner {
                                        id: "b:2:2774-0:3:1786",
                                    },
                                    DImplInner {
                                        id: "b:2:2789-0:3:1786",
                                    },
                                    DImplInner {
                                        id: "b:2:2784-0:3:1786",
                                    },
                                ],
                            },
                        },
                        DStruct {
                            id: "0:12-0:3:1786",
                            impls: DImpl {
                                trait_: [
                                    DImplInner {
                                        id: "0:6",
                                    },
                                ],
                                auto: [
                                    DImplInner {
                                        id: "a:2:42469:2323-0:3:1786",
                                    },
                                    DImplInner {
                                        id: "a:2:32833:237-0:3:1786",
                                    },
                                    DImplInner {
                                        id: "a:2:2997:246-0:3:1786",
                                    },
                                    DImplInner {
                                        id: "a:2:32890:2076-0:3:1786",
                                    },
                                    DImplInner {
                                        id: "a:2:42468:2324-0:3:1786",
                                    },
                                ],
                                blanket: [
                                    DImplInner {
                                        id: "b:2:3610-0:3:1786",
                                    },
                                    DImplInner {
                                        id: "b:2:2471-0:3:1786",
                                    },
                                    DImplInner {
                                        id: "b:2:2474-0:3:1786",
                                    },
                                    DImplInner {
                                        id: "b:2:2778-0:3:1786",
                                    },
                                    DImplInner {
                                        id: "b:2:2774-0:3:1786",
                                    },
                                    DImplInner {
                                        id: "b:2:2789-0:3:1786",
                                    },
                                    DImplInner {
                                        id: "b:2:2784-0:3:1786",
                                    },
                                ],
                            },
                        },
                    ],
                    traits: [
                        DTrait {
                            id: "0:14:1792",
                        },
                    ],
                },
            ],
            enums: [
                DEnum {
                    id: "0:39:1793",
                    variants: [
                        "0:40:1794",
                        "0:42:1795",
                        "0:44:106",
                    ],
                    impls: DImpl {
                        inherent: [
                            DImplInner {
                                id: "0:15",
                                functions: [
                                    "0:16:1796",
                                ],
                            },
                        ],
                        trait_: [
                            DImplInner {
                                id: "0:46",
                                functions: [
                                    "0:47:724",
                                ],
                            },
                        ],
                        auto: [
                            DImplInner {
                                id: "a:2:42469:2323-0:39:1793",
                            },
                            DImplInner {
                                id: "a:2:32833:237-0:39:1793",
                            },
                            DImplInner {
                                id: "a:2:2997:246-0:39:1793",
                            },
                            DImplInner {
                                id: "a:2:32890:2076-0:39:1793",
                            },
                            DImplInner {
                                id: "a:2:42468:2324-0:39:1793",
                            },
                        ],
                        blanket: [
                            DImplInner {
                                id: "b:2:3610-0:39:1793",
                            },
                            DImplInner {
                                id: "b:2:2471-0:39:1793",
                            },
                            DImplInner {
                                id: "b:2:2474-0:39:1793",
                            },
                            DImplInner {
                                id: "b:2:2778-0:39:1793",
                            },
                            DImplInner {
                                id: "b:2:2774-0:39:1793",
                            },
                            DImplInner {
                                id: "b:2:2789-0:39:1793",
                            },
                            DImplInner {
                                id: "b:2:2784-0:39:1793",
                            },
                        ],
                    },
                },
            ],
        },
    ],
    structs: [
        DStruct {
            id: "0:3:1786",
            impls: DImpl {
                trait_: [
                    DImplInner {
                        id: "0:6",
                    },
                ],
                auto: [
                    DImplInner {
                        id: "a:2:42469:2323-0:3:1786",
                    },
                    DImplInner {
                        id: "a:2:32833:237-0:3:1786",
                    },
                    DImplInner {
                        id: "a:2:2997:246-0:3:1786",
                    },
                    DImplInner {
                        id: "a:2:32890:2076-0:3:1786",
                    },
                    DImplInner {
                        id: "a:2:42468:2324-0:3:1786",
                    },
                ],
                blanket: [
                    DImplInner {
                        id: "b:2:3610-0:3:1786",
                    },
                    DImplInner {
                        id: "b:2:2471-0:3:1786",
                    },
                    DImplInner {
                        id: "b:2:2474-0:3:1786",
                    },
                    DImplInner {
                        id: "b:2:2778-0:3:1786",
                    },
                    DImplInner {
                        id: "b:2:2774-0:3:1786",
                    },
                    DImplInner {
                        id: "b:2:2789-0:3:1786",
                    },
                    DImplInner {
                        id: "b:2:2784-0:3:1786",
                    },
                ],
            },
        },
        DStruct {
            id: "0:17:1799",
            contain_private_fields: true,
            fields: [
                "0:18:1800",
                "0:19:1801",
                "0:20:1802",
            ],
            impls: DImpl {
                inherent: [
                    DImplInner {
                        id: "0:22",
                        functions: [
                            "0:27:1807",
                            "0:25:1805",
                            "0:26:1806",
                            "0:24:1804",
                            "0:23:1048",
                        ],
                    },
                ],
                trait_: [
                    DImplInner {
                        id: "0:28",
                        functions: [
                            "0:29:60",
                        ],
                    },
                ],
                auto: [
                    DImplInner {
                        id: "a:2:42469:2323-0:17:1799",
                    },
                    DImplInner {
                        id: "a:2:32833:237-0:17:1799",
                    },
                    DImplInner {
                        id: "a:2:2997:246-0:17:1799",
                    },
                    DImplInner {
                        id: "a:2:32890:2076-0:17:1799",
                    },
                    DImplInner {
                        id: "a:2:42468:2324-0:17:1799",
                    },
                ],
                blanket: [
                    DImplInner {
                        id: "b:2:3610-0:17:1799",
                    },
                    DImplInner {
                        id: "b:2:2471-0:17:1799",
                    },
                    DImplInner {
                        id: "b:2:2474-0:17:1799",
                    },
                    DImplInner {
                        id: "b:2:2778-0:17:1799",
                    },
                    DImplInner {
                        id: "b:2:2774-0:17:1799",
                    },
                    DImplInner {
                        id: "b:2:2789-0:17:1799",
                    },
                    DImplInner {
                        id: "b:2:2784-0:17:1799",
                    },
                ],
            },
        },
    ],
    functions: [
        DFunction {
            id: "0:33:1812",
        },
        DFunction {
            id: "0:34:1813",
        },
        DFunction {
            id: "0:35:1815",
        },
        DFunction {
            id: "0:31:1810",
        },
        DFunction {
            id: "0:32:1811",
        },
        DFunction {
            id: "0:30:1809",
        },
    ],
    traits: [
        DTrait {
            id: "0:5:1787",
            implementations: [
                "0:6",
            ],
        },
    ],
    constants: [
        DConstant {
            id: "0:36:1816",
        },
        DConstant {
            id: "0:37:1818",
        },
    ],
    macros_decl: [
        DMacroDecl {
            id: "0:38:1819",
        },
    ],
}
