---
source: tests/parse-json-docs/main.rs
expression: local_items
---
[
    (
        "0:0:1811",
        [
            "integration                                        0:0:1811             [Module: (integration)]",
        ],
    ),
    (
        "0:10:1788",
        [
            "integration::submod1                               0:10:1788            [Module: (submod1)]",
        ],
    ),
    (
        "0:11:1789",
        [
            "integration::submod1::submod2                      0:11:1789            [Module: (submod2)]",
        ],
    ),
    (
        "0:12-0:3:1785",
        [
            "integration::AUnitStruct                           0:3:1785             [Struct]",
        ],
    ),
    (
        "0:13-0:3:1785",
        [
            "integration::AUnitStruct                           0:3:1785             [Struct]",
        ],
    ),
    (
        "0:14:1791",
        [
            "integration::submod1::submod2::ATraitNeverImplementedForTypes 0:14:1791            [Trait: (ATraitNeverImplementedForTypes)]",
        ],
    ),
    (
        "0:15",
        [],
    ),
    (
        "0:16:1795",
        [],
    ),
    (
        "0:17:1798",
        [
            "integration::FieldsNamedStruct                     0:17:1798            [Struct: (FieldsNamedStruct)]",
        ],
    ),
    (
        "0:18:1799",
        [],
    ),
    (
        "0:19:1800",
        [],
    ),
    (
        "0:20:1801",
        [],
    ),
    (
        "0:22",
        [],
    ),
    (
        "0:23:1048",
        [],
    ),
    (
        "0:24:1803",
        [],
    ),
    (
        "0:25",
        [],
    ),
    (
        "0:26:60",
        [],
    ),
    (
        "0:27:1804",
        [
            "integration::func_with_no_args                     0:27:1804            [Function: (func_with_no_args)]",
        ],
    ),
    (
        "0:28:1805",
        [
            "integration::func_with_1arg                        0:28:1805            [Function: (func_with_1arg)]",
        ],
    ),
    (
        "0:29:1806",
        [
            "integration::func_with_1arg_and_ret                0:29:1806            [Function: (func_with_1arg_and_ret)]",
        ],
    ),
    (
        "0:30:1807",
        [
            "integration::ACONSTANT                             0:30:1807            [Constant: (ACONSTANT)]",
        ],
    ),
    (
        "0:31:1809",
        [
            "integration::ASTATIC                               0:31:1809            [Constant: (ASTATIC)]",
        ],
    ),
    (
        "0:32:1810",
        [
            "integration::a_decl_macro                          0:32:1810            [Macro: (a_decl_macro)]",
        ],
    ),
    (
        "0:33:1792",
        [
            "integration::submod1::AUnitEnum                    0:33:1792            [Enum: (AUnitEnum)]",
        ],
    ),
    (
        "0:34:1793",
        [
            "integration::submod1::AUnitEnum::A                 0:34:1793            [Variant: (A)]",
        ],
    ),
    (
        "0:36:1794",
        [
            "integration::submod1::AUnitEnum::B                 0:36:1794            [Variant: (B)]",
        ],
    ),
    (
        "0:38:106",
        [
            "integration::submod1::AUnitEnum::C                 0:38:106             [Variant: (C)]",
        ],
    ),
    (
        "0:3:1785",
        [
            "integration::AUnitStruct                           0:3:1785             [Struct: (AUnitStruct)]",
        ],
    ),
    (
        "0:40",
        [],
    ),
    (
        "0:41:724",
        [],
    ),
    (
        "0:5:1786",
        [
            "integration::ATrait                                0:5:1786             [Trait: (ATrait)]",
        ],
    ),
    (
        "0:6",
        [],
    ),
    (
        "a:2:2990:246-0:17:1798",
        [
            "core::marker::Sync                                 2:2990:246           [Trait]",
            "integration::FieldsNamedStruct                     0:17:1798            [Struct]",
        ],
    ),
    (
        "a:2:2990:246-0:33:1792",
        [
            "core::marker::Sync                                 2:2990:246           [Trait]",
            "integration::submod1::AUnitEnum                    0:33:1792            [Enum]",
        ],
    ),
    (
        "a:2:2990:246-0:3:1785",
        [
            "core::marker::Sync                                 2:2990:246           [Trait]",
            "integration::AUnitStruct                           0:3:1785             [Struct]",
        ],
    ),
    (
        "a:2:32754:237-0:17:1798",
        [
            "core::marker::Send                                 2:32754:237          [Trait]",
            "integration::FieldsNamedStruct                     0:17:1798            [Struct]",
        ],
    ),
    (
        "a:2:32754:237-0:33:1792",
        [
            "core::marker::Send                                 2:32754:237          [Trait]",
            "integration::submod1::AUnitEnum                    0:33:1792            [Enum]",
        ],
    ),
    (
        "a:2:32754:237-0:3:1785",
        [
            "core::marker::Send                                 2:32754:237          [Trait]",
            "integration::AUnitStruct                           0:3:1785             [Struct]",
        ],
    ),
    (
        "a:2:32811:2068-0:17:1798",
        [
            "core::marker::Unpin                                2:32811:2068         [Trait]",
            "integration::FieldsNamedStruct                     0:17:1798            [Struct]",
        ],
    ),
    (
        "a:2:32811:2068-0:33:1792",
        [
            "core::marker::Unpin                                2:32811:2068         [Trait]",
            "integration::submod1::AUnitEnum                    0:33:1792            [Enum]",
        ],
    ),
    (
        "a:2:32811:2068-0:3:1785",
        [
            "core::marker::Unpin                                2:32811:2068         [Trait]",
            "integration::AUnitStruct                           0:3:1785             [Struct]",
        ],
    ),
    (
        "a:2:42389:5568-0:17:1798",
        [
            "core::panic::unwind_safe::UnwindSafe               2:42389:5568         [Trait]",
            "integration::FieldsNamedStruct                     0:17:1798            [Struct]",
        ],
    ),
    (
        "a:2:42389:5568-0:33:1792",
        [
            "core::panic::unwind_safe::UnwindSafe               2:42389:5568         [Trait]",
            "integration::submod1::AUnitEnum                    0:33:1792            [Enum]",
        ],
    ),
    (
        "a:2:42389:5568-0:3:1785",
        [
            "core::panic::unwind_safe::UnwindSafe               2:42389:5568         [Trait]",
            "integration::AUnitStruct                           0:3:1785             [Struct]",
        ],
    ),
    (
        "a:2:42390:5764-0:17:1798",
        [
            "core::panic::unwind_safe::RefUnwindSafe            2:42390:5764         [Trait]",
            "integration::FieldsNamedStruct                     0:17:1798            [Struct]",
        ],
    ),
    (
        "a:2:42390:5764-0:33:1792",
        [
            "core::panic::unwind_safe::RefUnwindSafe            2:42390:5764         [Trait]",
            "integration::submod1::AUnitEnum                    0:33:1792            [Enum]",
        ],
    ),
    (
        "a:2:42390:5764-0:3:1785",
        [
            "core::panic::unwind_safe::RefUnwindSafe            2:42390:5764         [Trait]",
            "integration::AUnitStruct                           0:3:1785             [Struct]",
        ],
    ),
    (
        "b:2:2465-0:17:1798",
        [
            "integration::FieldsNamedStruct                     0:17:1798            [Struct]",
        ],
    ),
    (
        "b:2:2465-0:33:1792",
        [
            "integration::submod1::AUnitEnum                    0:33:1792            [Enum]",
        ],
    ),
    (
        "b:2:2465-0:3:1785",
        [
            "integration::AUnitStruct                           0:3:1785             [Struct]",
        ],
    ),
    (
        "b:2:2468-0:17:1798",
        [
            "integration::FieldsNamedStruct                     0:17:1798            [Struct]",
        ],
    ),
    (
        "b:2:2468-0:33:1792",
        [
            "integration::submod1::AUnitEnum                    0:33:1792            [Enum]",
        ],
    ),
    (
        "b:2:2468-0:3:1785",
        [
            "integration::AUnitStruct                           0:3:1785             [Struct]",
        ],
    ),
    (
        "b:2:2768-0:17:1798",
        [
            "integration::FieldsNamedStruct                     0:17:1798            [Struct]",
        ],
    ),
    (
        "b:2:2768-0:33:1792",
        [
            "integration::submod1::AUnitEnum                    0:33:1792            [Enum]",
        ],
    ),
    (
        "b:2:2768-0:3:1785",
        [
            "integration::AUnitStruct                           0:3:1785             [Struct]",
        ],
    ),
    (
        "b:2:2772-0:17:1798",
        [
            "integration::FieldsNamedStruct                     0:17:1798            [Struct]",
        ],
    ),
    (
        "b:2:2772-0:33:1792",
        [
            "integration::submod1::AUnitEnum                    0:33:1792            [Enum]",
        ],
    ),
    (
        "b:2:2772-0:3:1785",
        [
            "integration::AUnitStruct                           0:3:1785             [Struct]",
        ],
    ),
    (
        "b:2:2778-0:17:1798",
        [
            "integration::FieldsNamedStruct                     0:17:1798            [Struct]",
        ],
    ),
    (
        "b:2:2778-0:33:1792",
        [
            "integration::submod1::AUnitEnum                    0:33:1792            [Enum]",
        ],
    ),
    (
        "b:2:2778-0:3:1785",
        [
            "integration::AUnitStruct                           0:3:1785             [Struct]",
        ],
    ),
    (
        "b:2:2783-0:17:1798",
        [
            "integration::FieldsNamedStruct                     0:17:1798            [Struct]",
        ],
    ),
    (
        "b:2:2783-0:33:1792",
        [
            "integration::submod1::AUnitEnum                    0:33:1792            [Enum]",
        ],
    ),
    (
        "b:2:2783-0:3:1785",
        [
            "integration::AUnitStruct                           0:3:1785             [Struct]",
        ],
    ),
    (
        "b:2:3603-0:17:1798",
        [
            "integration::FieldsNamedStruct                     0:17:1798            [Struct]",
        ],
    ),
    (
        "b:2:3603-0:33:1792",
        [
            "integration::submod1::AUnitEnum                    0:33:1792            [Enum]",
        ],
    ),
    (
        "b:2:3603-0:3:1785",
        [
            "integration::AUnitStruct                           0:3:1785             [Struct]",
        ],
    ),
]
