---
source: tests/parse-json-docs/parse.rs
expression: parsed.show()
---
[mod] 0:0:1800
├── [mod] 0:10:1777
│   ├── [mod] 0:11:1778
│   │   └── Traits
│   │       └── [trait] 0:14:1780
│   │           ├── Associated Types
│   │           ├── Associated Constants
│   │           ├── Associated Functions
│   │           └── Implementors
│   └── Enums
│       └── [enum]
│           ├── Variants
│           │   ├── 0:34:1782
│           │   ├── 0:36:1783
│           │   └── 0:38:106
│           └── Implementations
│               ├── Inherent Impls
│               │   └── 0:15
│               ├── Trait Impls
│               │   └── 0:40
│               ├── Auto Impls
│               │   ├── a:2:2957:254-0:33:1781
│               │   ├── a:2:42204:5740-0:33:1781
│               │   ├── a:2:32574:2059-0:33:1781
│               │   ├── a:2:32492:244-0:33:1781
│               │   └── a:2:42205:5922-0:33:1781
│               └── Blanket Impls
│                   ├── b:2:2745-0:33:1781
│                   ├── b:2:3504-0:33:1781
│                   ├── b:2:2435-0:33:1781
│                   ├── b:2:2750-0:33:1781
│                   ├── b:2:2739-0:33:1781
│                   ├── b:2:2735-0:33:1781
│                   └── b:2:2432-0:33:1781
├── Structs
│   ├── [struct] 0:3:1774
│   │   ├── Fields
│   │   └── Implementations
│   │       ├── Inherent Impls
│   │       ├── Trait Impls
│   │       │   └── 0:6
│   │       ├── Auto Impls
│   │       │   ├── a:2:2957:254-0:3:1774
│   │       │   ├── a:2:42204:5740-0:3:1774
│   │       │   ├── a:2:32574:2059-0:3:1774
│   │       │   ├── a:2:32492:244-0:3:1774
│   │       │   └── a:2:42205:5922-0:3:1774
│   │       └── Blanket Impls
│   │           ├── b:2:2745-0:3:1774
│   │           ├── b:2:3504-0:3:1774
│   │           ├── b:2:2435-0:3:1774
│   │           ├── b:2:2750-0:3:1774
│   │           ├── b:2:2739-0:3:1774
│   │           ├── b:2:2735-0:3:1774
│   │           └── b:2:2432-0:3:1774
│   └── [struct] 0:17:1787
│       ├── Fields
│       │   ├── 0:18:1788
│       │   ├── 0:19:1789
│       │   ├── 0:20:1790
│       │   └── /* private fields */
│       └── Implementations
│           ├── Inherent Impls
│           │   └── 0:22
│           ├── Trait Impls
│           │   └── 0:25
│           ├── Auto Impls
│           │   ├── a:2:2957:254-0:17:1787
│           │   ├── a:2:42204:5740-0:17:1787
│           │   ├── a:2:32574:2059-0:17:1787
│           │   ├── a:2:32492:244-0:17:1787
│           │   └── a:2:42205:5922-0:17:1787
│           └── Blanket Impls
│               ├── b:2:2745-0:17:1787
│               ├── b:2:3504-0:17:1787
│               ├── b:2:2435-0:17:1787
│               ├── b:2:2750-0:17:1787
│               ├── b:2:2739-0:17:1787
│               ├── b:2:2735-0:17:1787
│               └── b:2:2432-0:17:1787
├── Traits
│   └── [trait] 0:5:1775
│       ├── Associated Types
│       ├── Associated Constants
│       ├── Associated Functions
│       └── Implementors
│           └── 0:6
├── Functions
│   ├── 0:27:1793
│   ├── 0:28:1794
│   └── 0:29:1795
├── Constants
│   ├── 0:30:1796
│   └── 0:31:1798
└── Macros - Declarative
    └── 0:32:1799

